HISTORICAL_WORKSPACE=D:\Math Knowledge Engine
CAPTURED_AT=2026-09-27T19:39:53.2088621+07:00
GIT_STATUS_BEGIN
## dev02a-method-knowledge-base...origin/dev02a-method-knowledge-base
 D scratch/build_dev_pilot.py
 D scratch/create_archive.py
?? CAS_API_EVIDENCE.md
?? CHANGED_FILES.txt
?? CHANGES.patch
?? CHANGES.txt
?? DATN_DEV02A_R1_ADVERSARIAL_CHECKS.py
?? DEV02A_FINAL_CLOSURE_AUDIT.md
?? DEV02A_REPAIR_R1_INDEPENDENT_AUDIT.md
?? G0R1_EVIDENCE_PRESERVATION_PLAN.md
?? G0R2_ARCHIVE_EXECUTION_REPORT.md
?? G0R3_SANITIZED_ARCHIVE_REMEDIATION.md
?? G0R5_DOCUMENTATION_REMEDIATION_REPORT.md
?? G2_B2_PREPILOT_ADVERSARIAL_REVIEW.md
?? G4P0_FREEZE_RECORD.md
?? G4P0_MATHEMATICAL_SPECIFICATION.md
?? G4P0_MATHEMATICAL_SPECIFICATION_R1.md
?? G4P0_PROVENANCE_RECONCILIATION_REPORT.md
?? G4P0_TWELVE_PAPER_PROBES.md
?? G4P0_TWELVE_PAPER_PROBES_R1.md
?? G4P1_EXECUTION_LOGGING_SPEC.md
?? G4P1_EXPERIMENT_AUTHORIZATION_REQUEST.md
?? G4P1_EXPERIMENT_PROTOCOL.md
?? G4P1_EXPERIMENT_PROTOCOL_R2.md
?? G4P1_EXPERIMENT_PROTOCOL_R3.md
?? G4P1_EXPERIMENT_PROTOCOL_R4.md
?? G4P1_R2_REMEDIATION_REPORT.md
?? G4P1_R3_REMEDIATION_REPORT.md
?? G4P1_R4_REMEDIATION_REPORT.md
?? IMPLEMENTATION_STATUS.md
?? MKE_REVIEW_HANDOFF/
?? OPEN_ISSUES.md
?? R4A_REFERENCE_MANIFEST.md
?? README_AUDIT.md
?? REQUIREMENTS_TRACEABILITY.md
?? REVIEW_REQUEST.md
?? SHA256SUMS.txt
?? STATIC_SECURITY_REVIEW.md
?? UPDATED_TEST_SPECIFICATIONS.md
?? V1A_CHANGE_AND_REQUIREMENT_MAP.md
?? V1B1_REQUIREMENT_TRACEABILITY.md
?? V1B2_TEST_WHITELIST.md
?? V1B_PRE_EXECUTION_PLAN.md
?? audit_logs_r1/
?? closure_audit_logs/
?? config/
?? evidence_archive/
?? g4p1_harness_template.py
?? mke-g4p1-trial-v1.json
?? r4a_handoff/
?? schema/
?? src/mke/g4p1/
?? tests/g4p1/
GIT_STATUS_END
HEAD=753382a023835dbdbe6b074ca6101a3292d3474c
HEAD_TREE=43d1439ef011e7883b97dc632b97b4ff3d7a231c
REQUESTED_BASELINE_PRESENT_AFTER_FETCH=True
WORKING_FILE_SHA256=C1AA4645AD17490D1149DD00A11A6CA86F0AB0E4335DFB76066F0F8BC30B3EBB BYTES=3513 PATH=D:\Math Knowledge Engine\G4P0_FREEZE_RECORD.md
WORKING_FILE_SHA256=CA4FB5FB115C36E3E401CA49EB78C3153CF3220BA4414EADA493C4AEEC86CA02 BYTES=26251 PATH=D:\Math Knowledge Engine\G4P0_MATHEMATICAL_SPECIFICATION.md
WORKING_FILE_SHA256=468FD52C7879609A4C22E6AD5D1F9F9BAEEDDDB0C62B3A5FF1C8B919ED5966ED BYTES=39489 PATH=D:\Math Knowledge Engine\G4P0_MATHEMATICAL_SPECIFICATION_R1.md
WORKING_FILE_SHA256=61E4F5751ECEDBE46A3C127F9514790387CDAB5C919BDA1254CBEB951860E8C9 BYTES=47561 PATH=D:\Math Knowledge Engine\G4P0_TWELVE_PAPER_PROBES.md
WORKING_FILE_SHA256=C747EAFF3DD7E3D7E642DDC84520247B8EE114680922C2379419034F1DF9D754 BYTES=85250 PATH=D:\Math Knowledge Engine\G4P0_TWELVE_PAPER_PROBES_R1.md
