======================================================================
MKE S4-B2/P1: COMPLETE 16-CASE WINDOWS HANDLE FORENSICS MATRIX
======================================================================
Stabilizing one-time AppContainer profile/runtime initialization...

--- Running Scenario A (Normal Control) ---
  N= 5 | Baseline: 179 | Final: 179 | Delta: +0 [PASS] | ActiveQ: 0 | Elapsed: 1.78s
  N=10 | Baseline: 179 | Final: 179 | Delta: +0 [PASS] | ActiveQ: 0 | Elapsed: 3.14s
  N=20 | Baseline: 179 | Final: 179 | Delta: +0 [PASS] | ActiveQ: 0 | Elapsed: 5.52s
  N=40 | Baseline: 179 | Final: 179 | Delta: +0 [PASS] | ActiveQ: 0 | Elapsed: 10.66s

--- Running Scenario B (Write Timeouts & Quarantine) ---
  N= 5 | Baseline: 179 | Final: 179 | Delta: +0 [PASS] | ActiveQ: 0 | Elapsed: 1.69s
  N=10 | Baseline: 179 | Final: 179 | Delta: +0 [PASS] | ActiveQ: 0 | Elapsed: 2.59s
  N=20 | Baseline: 179 | Final: 179 | Delta: +0 [PASS] | ActiveQ: 0 | Elapsed: 4.44s
  N=40 | Baseline: 179 | Final: 179 | Delta: +0 [PASS] | ActiveQ: 0 | Elapsed: 7.95s

--- Running Scenario C (Setup Timeouts & Hangs) ---
  N= 5 | Baseline: 179 | Final: 179 | Delta: +0 [PASS] | ActiveQ: 0 | Elapsed: 0.95s
  N=10 | Baseline: 179 | Final: 179 | Delta: +0 [PASS] | ActiveQ: 0 | Elapsed: 1.17s
  N=20 | Baseline: 179 | Final: 179 | Delta: +0 [PASS] | ActiveQ: 0 | Elapsed: 1.67s
  N=40 | Baseline: 179 | Final: 179 | Delta: +0 [PASS] | ActiveQ: 0 | Elapsed: 2.62s

--- Running Scenario D (Late Duplication) ---
  N= 5 | Baseline: 179 | Final: 179 | Delta: +0 [PASS] | ActiveQ: 0 | Elapsed: 0.62s
  N=10 | Baseline: 179 | Final: 179 | Delta: +0 [PASS] | ActiveQ: 0 | Elapsed: 0.66s
  N=20 | Baseline: 179 | Final: 179 | Delta: +0 [PASS] | ActiveQ: 0 | Elapsed: 0.73s
  N=40 | Baseline: 179 | Final: 179 | Delta: +0 [PASS] | ActiveQ: 0 | Elapsed: 0.81s

======================================================================
ALL 16 / 16 FORENSIC SCENARIOS PASSED WITH STRICT ZERO HANDLE DELTA.
======================================================================
[
  {
    "scenario": "Scenario A: Normal Requests (Control)",
    "iterations": 5,
    "baseline_handles": 179,
    "final_handles": 179,
    "net_delta": 0,
    "active_quarantine_count": 0,
    "total_quarantine_records": 0,
    "all_records_settled": true,
    "all_handles_confirmed_closed": true,
    "elapsed_sec": 1.781
  },
  {
    "scenario": "Scenario A: Normal Requests (Control)",
    "iterations": 10,
    "baseline_handles": 179,
    "final_handles": 179,
    "net_delta": 0,
    "active_quarantine_count": 0,
    "total_quarantine_records": 0,
    "all_records_settled": true,
    "all_handles_confirmed_closed": true,
    "elapsed_sec": 3.141
  },
  {
    "scenario": "Scenario A: Normal Requests (Control)",
    "iterations": 20,
    "baseline_handles": 179,
    "final_handles": 179,
    "net_delta": 0,
    "active_quarantine_count": 0,
    "total_quarantine_records": 0,
    "all_records_settled": true,
    "all_handles_confirmed_closed": true,
    "elapsed_sec": 5.516
  },
  {
    "scenario": "Scenario A: Normal Requests (Control)",
    "iterations": 40,
    "baseline_handles": 179,
    "final_handles": 179,
    "net_delta": 0,
    "active_quarantine_count": 0,
    "total_quarantine_records": 0,
    "all_records_settled": true,
    "all_handles_confirmed_closed": true,
    "elapsed_sec": 10.656
  },
  {
    "scenario": "Scenario B: Write Timeouts & Quarantine",
    "iterations": 5,
    "baseline_handles": 179,
    "final_handles": 179,
    "net_delta": 0,
    "settled_count": 3,
    "active_quarantine_count": 0,
    "total_quarantine_records": 5,
    "all_records_settled": true,
    "all_handles_confirmed_closed": true,
    "elapsed_sec": 1.687
  },
  {
    "scenario": "Scenario B: Write Timeouts & Quarantine",
    "iterations": 10,
    "baseline_handles": 179,
    "final_handles": 179,
    "net_delta": 0,
    "settled_count": 3,
    "active_quarantine_count": 0,
    "total_quarantine_records": 10,
    "all_records_settled": true,
    "all_handles_confirmed_closed": true,
    "elapsed_sec": 2.594
  },
  {
    "scenario": "Scenario B: Write Timeouts & Quarantine",
    "iterations": 20,
    "baseline_handles": 179,
    "final_handles": 179,
    "net_delta": 0,
    "settled_count": 3,
    "active_quarantine_count": 0,
    "total_quarantine_records": 20,
    "all_records_settled": true,
    "all_handles_confirmed_closed": true,
    "elapsed_sec": 4.438
  },
  {
    "scenario": "Scenario B: Write Timeouts & Quarantine",
    "iterations": 40,
    "baseline_handles": 179,
    "final_handles": 179,
    "net_delta": 0,
    "settled_count": 3,
    "active_quarantine_count": 0,
    "total_quarantine_records": 40,
    "all_records_settled": true,
    "all_handles_confirmed_closed": true,
    "elapsed_sec": 7.953
  },
  {
    "scenario": "Scenario C: Setup Timeouts / Hangs",
    "iterations": 5,
    "baseline_handles": 179,
    "final_handles": 179,
    "net_delta": 0,
    "settled_count": 2,
    "active_quarantine_count": 0,
    "total_quarantine_records": 5,
    "all_records_settled": true,
    "all_handles_confirmed_closed": true,
    "elapsed_sec": 0.953
  },
  {
    "scenario": "Scenario C: Setup Timeouts / Hangs",
    "iterations": 10,
    "baseline_handles": 179,
    "final_handles": 179,
    "net_delta": 0,
    "settled_count": 2,
    "active_quarantine_count": 0,
    "total_quarantine_records": 10,
    "all_records_settled": true,
    "all_handles_confirmed_closed": true,
    "elapsed_sec": 1.172
  },
  {
    "scenario": "Scenario C: Setup Timeouts / Hangs",
    "iterations": 20,
    "baseline_handles": 179,
    "final_handles": 179,
    "net_delta": 0,
    "settled_count": 2,
    "active_quarantine_count": 0,
    "total_quarantine_records": 20,
    "all_records_settled": true,
    "all_handles_confirmed_closed": true,
    "elapsed_sec": 1.672
  },
  {
    "scenario": "Scenario C: Setup Timeouts / Hangs",
    "iterations": 40,
    "baseline_handles": 179,
    "final_handles": 179,
    "net_delta": 0,
    "settled_count": 2,
    "active_quarantine_count": 0,
    "total_quarantine_records": 40,
    "all_records_settled": true,
    "all_handles_confirmed_closed": true,
    "elapsed_sec": 2.625
  },
  {
    "scenario": "Scenario D: Late Duplication Completions",
    "iterations": 5,
    "baseline_handles": 179,
    "final_handles": 179,
    "net_delta": 0,
    "settled_count": 1,
    "active_quarantine_count": 0,
    "total_quarantine_records": 5,
    "all_records_settled": true,
    "all_handles_confirmed_closed": true,
    "elapsed_sec": 0.625
  },
  {
    "scenario": "Scenario D: Late Duplication Completions",
    "iterations": 10,
    "baseline_handles": 179,
    "final_handles": 179,
    "net_delta": 0,
    "settled_count": 1,
    "active_quarantine_count": 0,
    "total_quarantine_records": 10,
    "all_records_settled": true,
    "all_handles_confirmed_closed": true,
    "elapsed_sec": 0.656
  },
  {
    "scenario": "Scenario D: Late Duplication Completions",
    "iterations": 20,
    "baseline_handles": 179,
    "final_handles": 179,
    "net_delta": 0,
    "settled_count": 1,
    "active_quarantine_count": 0,
    "total_quarantine_records": 20,
    "all_records_settled": true,
    "all_handles_confirmed_closed": true,
    "elapsed_sec": 0.734
  },
  {
    "scenario": "Scenario D: Late Duplication Completions",
    "iterations": 40,
    "baseline_handles": 179,
    "final_handles": 179,
    "net_delta": 0,
    "settled_count": 1,
    "active_quarantine_count": 0,
    "total_quarantine_records": 40,
    "all_records_settled": true,
    "all_handles_confirmed_closed": true,
    "elapsed_sec": 0.813
  }
]

Saved 16-case forensics results to D:\mke-product\handle_forensics_results.json
