Tested Source SHA: 8e890b4b162bc38f47841444b62611f237325873
Pre-run Git Clean Tree: False
Pre-run Git Status: ?? evidence/p1c_04_b2/
Post-run Git Status: ?? evidence/p1c_04_b2/
Platform: win32 (Windows-10-10.0.26200-SP0)
Python Version: 3.10.11 3.10.11 (tags/v3.10.11:7d4cc5a, Apr  5 2023, 00:38:17) [MSC v.1929 64 bit (AMD64)]
Command: C:\Users\kedep\AppData\Local\Programs\Python\Python310\python.exe -m pytest tests/test_p03c_p1c_quadratic_dispatch.py -v -o pythonpath=src
Working Directory: D:\mke-product-ui-r4
Start Timestamp (UTC): 2026-09-30T15:52:05.516021+00:00
End Timestamp (UTC): 2026-09-30T15:52:11.943847+00:00
Duration: 0:00:06.422000
Exit Code: 0

STDOUT:
============================= test session starts =============================
platform win32 -- Python 3.10.11, pytest-9.1.1, pluggy-1.6.0 -- C:\Users\kedep\AppData\Local\Programs\Python\Python310\python.exe
cachedir: .pytest_cache
rootdir: D:\mke-product-ui-r4
plugins: anyio-3.7.1, asyncio-1.4.0
asyncio: mode=strict, debug=False, asyncio_default_fixture_loop_scope=None, asyncio_default_test_loop_scope=function
collecting ... collected 91 items

tests/test_p03c_p1c_quadratic_dispatch.py::TestProtocolVersionOperationMatrix::test_v1_solve_allowed PASSED [  1%]
tests/test_p03c_p1c_quadratic_dispatch.py::TestProtocolVersionOperationMatrix::test_v1_check_candidate_allowed PASSED [  2%]
tests/test_p03c_p1c_quadratic_dispatch.py::TestProtocolVersionOperationMatrix::test_v1_solve_quadratic_rejected PASSED [  3%]
tests/test_p03c_p1c_quadratic_dispatch.py::TestProtocolVersionOperationMatrix::test_v2_solve_quadratic_allowed PASSED [  4%]
tests/test_p03c_p1c_quadratic_dispatch.py::TestProtocolVersionOperationMatrix::test_v2_solve_rejected PASSED [  5%]
tests/test_p03c_p1c_quadratic_dispatch.py::TestProtocolVersionOperationMatrix::test_v2_check_candidate_rejected PASSED [  6%]
tests/test_p03c_p1c_quadratic_dispatch.py::TestProtocolVersionOperationMatrix::test_unknown_schema_version_rejected PASSED [  7%]
tests/test_p03c_p1c_quadratic_dispatch.py::TestProtocolVersionOperationMatrix::test_v2_extra_field_rejected PASSED [  8%]
tests/test_p03c_p1c_quadratic_dispatch.py::TestProtocolVersionOperationMatrix::test_v2_non_ascii_equation_rejected PASSED [  9%]
tests/test_p03c_p1c_quadratic_dispatch.py::TestProtocolVersionOperationMatrix::test_v2_oversized_equation_rejected PASSED [ 10%]
tests/test_p03c_p1c_quadratic_dispatch.py::TestWorkerQuadraticSolverKernel::test_two_distinct_rational_roots PASSED [ 12%]
tests/test_p03c_p1c_quadratic_dispatch.py::TestWorkerQuadraticSolverKernel::test_two_distinct_fractional_roots PASSED [ 13%]
tests/test_p03c_p1c_quadratic_dispatch.py::TestWorkerQuadraticSolverKernel::test_unique_repeated_root PASSED [ 14%]
tests/test_p03c_p1c_quadratic_dispatch.py::TestWorkerQuadraticSolverKernel::test_no_real_roots_negative_discriminant PASSED [ 15%]
tests/test_p03c_p1c_quadratic_dispatch.py::TestWorkerQuadraticSolverKernel::test_multiplication_quadratic PASSED [ 16%]
tests/test_p03c_p1c_quadratic_dispatch.py::TestWorkerQuadraticSolverKernel::test_repeated_variable_multiplication PASSED [ 17%]
tests/test_p03c_p1c_quadratic_dispatch.py::TestWorkerQuadraticSolverKernel::test_irrational_roots_fail_closed PASSED [ 18%]
tests/test_p03c_p1c_quadratic_dispatch.py::TestWorkerQuadraticSolverKernel::test_positive_non_square_fractional_discriminant_fail_closed PASSED [ 19%]
tests/test_p03c_p1c_quadratic_dispatch.py::TestWorkerQuadraticSolverKernel::test_degenerate_affine_rejected PASSED [ 20%]
tests/test_p03c_p1c_quadratic_dispatch.py::TestWorkerQuadraticSolverKernel::test_pure_linear_rejected PASSED [ 21%]
tests/test_p03c_p1c_quadratic_dispatch.py::TestWorkerQuadraticSolverKernel::test_degree_3_rejected PASSED [ 23%]
tests/test_p03c_p1c_quadratic_dispatch.py::TestWorkerQuadraticSolverKernel::test_variable_denominator_rejected PASSED [ 24%]
tests/test_p03c_p1c_quadratic_dispatch.py::TestWorkerQuadraticSolverKernel::test_division_by_zero_constant_domain_error PASSED [ 25%]
tests/test_p03c_p1c_quadratic_dispatch.py::TestWorkerQuadraticSolverKernel::test_zero_power_zero_domain_error PASSED [ 26%]
tests/test_p03c_p1c_quadratic_dispatch.py::TestDispatcherQuadraticIntegration::test_v2_solve_quadratic_two_roots PASSED [ 27%]
tests/test_p03c_p1c_quadratic_dispatch.py::TestDispatcherQuadraticIntegration::test_v2_solve_quadratic_no_real_root PASSED [ 28%]
tests/test_p03c_p1c_quadratic_dispatch.py::TestDispatcherQuadraticIntegration::test_v2_solve_quadratic_unique_root PASSED [ 29%]
tests/test_p03c_p1c_quadratic_dispatch.py::TestDispatcherQuadraticIntegration::test_v2_solve_quadratic_irrational_roots PASSED [ 30%]
tests/test_p03c_p1c_quadratic_dispatch.py::TestDispatcherQuadraticIntegration::test_v1_solve_regression_unchanged PASSED [ 31%]
tests/test_p03c_p1c_quadratic_dispatch.py::TestDispatcherQuadraticIntegration::test_v1_check_candidate_on_quadratic PASSED [ 32%]
tests/test_p03c_p1c_quadratic_dispatch.py::TestHostQuadraticExtractorAndReducer::test_host_extract_simple PASSED [ 34%]
tests/test_p03c_p1c_quadratic_dispatch.py::TestHostQuadraticExtractorAndReducer::test_host_reduce_quadratic PASSED [ 35%]
tests/test_p03c_p1c_quadratic_dispatch.py::TestHostQuadraticExtractorAndReducer::test_host_rejects_degree_3 PASSED [ 36%]
tests/test_p03c_p1c_quadratic_dispatch.py::TestHostQuadraticExtractorAndReducer::test_host_rejects_variable_denominator PASSED [ 37%]
tests/test_p03c_p1c_quadratic_dispatch.py::TestControlledDispatchBridgeQuadratic::test_adv01_two_distinct_real_roots PASSED [ 38%]
tests/test_p03c_p1c_quadratic_dispatch.py::TestControlledDispatchBridgeQuadratic::test_adv02_unique_real_root PASSED [ 39%]
tests/test_p03c_p1c_quadratic_dispatch.py::TestControlledDispatchBridgeQuadratic::test_adv03_no_real_root PASSED [ 40%]
tests/test_p03c_p1c_quadratic_dispatch.py::TestControlledDispatchBridgeQuadratic::test_adv04_uncertified_large_remainder_surd_fails_closed_pre_dispatch PASSED [ 41%]
tests/test_p03c_p1c_quadratic_dispatch.py::TestControlledDispatchBridgeQuadratic::test_adv05_positive_non_square_discriminant_dispatches_surd PASSED [ 42%]
tests/test_p03c_p1c_quadratic_dispatch.py::TestControlledDispatchBridgeQuadratic::test_adv06_degree_3_rejected_scope PASSED [ 43%]
tests/test_p03c_p1c_quadratic_dispatch.py::TestControlledDispatchBridgeQuadratic::test_adv07_var_denominator_rejected_scope PASSED [ 45%]
tests/test_p03c_p1c_quadratic_dispatch.py::TestControlledDispatchBridgeQuadratic::test_adv08_forged_cardinality_mismatch PASSED [ 46%]
tests/test_p03c_p1c_quadratic_dispatch.py::TestControlledDispatchBridgeQuadratic::test_adv09_forged_extra_root PASSED [ 47%]
tests/test_p03c_p1c_quadratic_dispatch.py::TestControlledDispatchBridgeQuadratic::test_adv10_unsorted_worker_roots PASSED [ 48%]
tests/test_p03c_p1c_quadratic_dispatch.py::TestControlledDispatchBridgeQuadratic::test_adv11_forged_duplicate_roots PASSED [ 49%]
tests/test_p03c_p1c_quadratic_dispatch.py::TestControlledDispatchBridgeQuadratic::test_adv12_forged_worker_discriminant PASSED [ 50%]
tests/test_p03c_p1c_quadratic_dispatch.py::TestControlledDispatchBridgeQuadratic::test_adv13_schema_version_mismatch_rejected PASSED [ 51%]
tests/test_p03c_p1c_quadratic_dispatch.py::TestControlledDispatchBridgeQuadratic::test_adv14_candidate_check_refuted PASSED [ 52%]
tests/test_p03c_p1c_quadratic_dispatch.py::TestControlledDispatchBridgeQuadratic::test_adv15_degenerate_quadratic_rejected_scope PASSED [ 53%]
tests/test_p03c_p1c_quadratic_dispatch.py::TestControlledDispatchBridgeQuadratic::test_adv16_affine_identity_regression PASSED [ 54%]
tests/test_p03c_p1c_quadratic_dispatch.py::TestControlledDispatchBridgeQuadratic::test_adv17_affine_contradiction_regression PASSED [ 56%]
tests/test_p03c_p1c_quadratic_dispatch.py::TestControlledDispatchBridgeQuadratic::test_adv18_fractional_roots PASSED [ 57%]
tests/test_p03c_p1c_quadratic_dispatch.py::TestLiveWindowsWorkerQuadraticIntegration::test_live_worker_quadratic_two_roots PASSED [ 58%]
tests/test_p03c_p1c_quadratic_dispatch.py::TestLiveWindowsWorkerQuadraticIntegration::test_live_worker_quadratic_unique_root PASSED [ 59%]
tests/test_p03c_p1c_quadratic_dispatch.py::TestLiveWindowsWorkerQuadraticIntegration::test_live_worker_quadratic_no_real_root PASSED [ 60%]
tests/test_p03c_p1c_quadratic_dispatch.py::TestB0SerializationAndFieldCompatibility::test_base_result_field_set PASSED [ 61%]
tests/test_p03c_p1c_quadratic_dispatch.py::TestB0SerializationAndFieldCompatibility::test_b0_linear_query_serialization_backward_compat PASSED [ 62%]
tests/test_p03c_p1c_quadratic_dispatch.py::TestB0SerializationAndFieldCompatibility::test_quadratic_result_inheritance_and_fields PASSED [ 63%]
tests/test_p03c_p1c_quadratic_dispatch.py::TestWireRational256BitLimit::test_wire_rational_exact_256_bit_accepted PASSED [ 64%]
tests/test_p03c_p1c_quadratic_dispatch.py::TestWireRational256BitLimit::test_wire_rational_257_bit_numerator_rejected PASSED [ 65%]
tests/test_p03c_p1c_quadratic_dispatch.py::TestWireRational256BitLimit::test_wire_rational_257_bit_denominator_rejected PASSED [ 67%]
tests/test_p03c_p1c_quadratic_dispatch.py::TestWireRational256BitLimit::test_wire_rational_huge_negative_numerator_rejected PASSED [ 68%]
tests/test_p03c_p1c_quadratic_dispatch.py::TestWireRational256BitLimit::test_wire_rational_80_digit_exceeding_256_bits_rejected PASSED [ 69%]
tests/test_p03c_p1c_quadratic_dispatch.py::TestStrictV2SuccessEnvelopeAdversarial::test_v2_success_missing_error_fails_closed PASSED [ 70%]
tests/test_p03c_p1c_quadratic_dispatch.py::TestStrictV2SuccessEnvelopeAdversarial::test_v2_success_missing_is_provisional_evidence_fails_closed PASSED [ 71%]
tests/test_p03c_p1c_quadratic_dispatch.py::TestStrictV2SuccessEnvelopeAdversarial::test_v2_success_missing_discriminant_fails_closed PASSED [ 72%]
tests/test_p03c_p1c_quadratic_dispatch.py::TestStrictV2SuccessEnvelopeAdversarial::test_v2_success_missing_roots_fails_closed PASSED [ 73%]
tests/test_p03c_p1c_quadratic_dispatch.py::TestStrictV2SuccessEnvelopeAdversarial::test_v2_success_unexpected_extra_field_fails_closed PASSED [ 74%]
tests/test_p03c_p1c_quadratic_dispatch.py::TestStrictV2SuccessEnvelopeAdversarial::test_v2_success_is_provisional_evidence_null_fails_closed PASSED [ 75%]
tests/test_p03c_p1c_quadratic_dispatch.py::TestStrictV2SuccessEnvelopeAdversarial::test_v2_success_is_provisional_evidence_string_fails_closed PASSED [ 76%]
tests/test_p03c_p1c_quadratic_dispatch.py::TestStrictV2SuccessEnvelopeAdversarial::test_v2_success_non_null_error_fails_closed PASSED [ 78%]
tests/test_p03c_p1c_quadratic_dispatch.py::TestHostArithmeticResourceLimits::test_host_helpers_valid_256_bit_arithmetic PASSED [ 79%]
tests/test_p03c_p1c_quadratic_dispatch.py::TestHostArithmeticResourceLimits::test_host_helpers_overflow_raises_limit_error PASSED [ 80%]
tests/test_p03c_p1c_quadratic_dispatch.py::TestHostArithmeticResourceLimits::test_host_overflow_intake_large_coefficient PASSED [ 81%]
tests/test_p03c_p1c_quadratic_dispatch.py::TestHostArithmeticResourceLimits::test_host_overflow_b_squared PASSED [ 82%]
tests/test_p03c_p1c_quadratic_dispatch.py::TestHostArithmeticResourceLimits::test_host_overflow_four_a_c PASSED [ 83%]
tests/test_p03c_p1c_quadratic_dispatch.py::TestHostArithmeticResourceLimits::test_host_overflow_delta_computation PASSED [ 84%]
tests/test_p03c_p1c_quadratic_dispatch.py::TestWorkerInfrastructureTaxonomy::test_worker_infrastructure_errors_solve_quadratic[WORKER_TIMEOUT-TIMEOUT-ERR_TIMEOUT] PASSED [ 85%]
tests/test_p03c_p1c_quadratic_dispatch.py::TestWorkerInfrastructureTaxonomy::test_worker_infrastructure_errors_solve_quadratic[WORKER_RESOURCE_EXHAUSTED-ENGINE_ERROR-ERR_RESOURCE_EXHAUSTED] PASSED [ 86%]
tests/test_p03c_p1c_quadratic_dispatch.py::TestWorkerInfrastructureTaxonomy::test_worker_infrastructure_errors_solve_quadratic[WORKER_STARTUP_FAILURE-ENGINE_ERROR-ERR_WORKER_STARTUP_FAILURE] PASSED [ 87%]
tests/test_p03c_p1c_quadratic_dispatch.py::TestWorkerInfrastructureTaxonomy::test_worker_infrastructure_errors_solve_quadratic[WORKER_ASSIGNMENT_FAILURE-ENGINE_ERROR-ERR_WORKER_ASSIGNMENT_FAILURE] PASSED [ 89%]
tests/test_p03c_p1c_quadratic_dispatch.py::TestWorkerInfrastructureTaxonomy::test_worker_infrastructure_errors_solve_quadratic[WORKER_EXIT_FAILURE-ENGINE_ERROR-ERR_WORKER_EXIT_FAILURE] PASSED [ 90%]
tests/test_p03c_p1c_quadratic_dispatch.py::TestWorkerInfrastructureTaxonomy::test_worker_infrastructure_errors_solve_quadratic[WORKER_PROTOCOL_FAILURE-ENGINE_ERROR-ERR_WORKER_PROTOCOL_FAILURE] PASSED [ 91%]
tests/test_p03c_p1c_quadratic_dispatch.py::TestWorkerInfrastructureTaxonomy::test_worker_infrastructure_errors_solve_quadratic[ERR_RESOURCE_EXHAUSTED-ENGINE_ERROR-ERR_RESOURCE_EXHAUSTED] PASSED [ 92%]
tests/test_p03c_p1c_quadratic_dispatch.py::TestWorkerInfrastructureTaxonomy::test_worker_infrastructure_errors_solve_quadratic[ERR_PAYLOAD_TOO_LARGE-ENGINE_ERROR-ERR_PAYLOAD_TOO_LARGE] PASSED [ 93%]
tests/test_p03c_p1c_quadratic_dispatch.py::TestWorkerInfrastructureTaxonomy::test_worker_infrastructure_errors_solve_quadratic[ERR_RESPONSE_LIMIT_EXCEEDED-ENGINE_ERROR-ERR_RESPONSE_LIMIT_EXCEEDED] PASSED [ 94%]
tests/test_p03c_p1c_quadratic_dispatch.py::TestWorkerInfrastructureTaxonomy::test_worker_infrastructure_errors_solve_quadratic[PROTOCOL_ERROR-ENGINE_ERROR-ERR_PROTOCOL_ERROR] PASSED [ 95%]
tests/test_p03c_p1c_quadratic_dispatch.py::TestWorkerInfrastructureTaxonomy::test_worker_direct_v2_resource_exhaustion_outcome PASSED [ 96%]
tests/test_p03c_p1c_quadratic_dispatch.py::TestCollusiveWorkerVerificationDefeat::test_collusive_wrong_root_with_fake_check_success PASSED [ 97%]
tests/test_p03c_p1c_quadratic_dispatch.py::TestCumulativeDeadlineStrictBudget::test_cumulative_deadline_3_calls PASSED [ 98%]
tests/test_p03c_p1c_quadratic_dispatch.py::TestBridgeHostArchitectureIndependence::test_bridge_does_not_import_solver_quadratic PASSED [100%]

============================= 91 passed in 5.48s ==============================
