Tested Source SHA: 56d4eb5a09e751304182492d38087c5a468beff6
Pre-run Git Clean Tree: True
Pre-run Git Status: <empty>
Post-run Git Status: <clean>
Platform: win32 (Windows-10-10.0.26200-SP0)
Python Version: 3.10.11 (tags/v3.10.11:7d4cc5a, Apr  5 2023, 00:38:17) [MSC v.1929 64 bit (AMD64)]
Command: C:\Users\kedep\AppData\Local\Programs\Python\Python310\python.exe -m pytest tests/test_protocol.py -v -o pythonpath=src
Working Directory: D:\mke-product-ui-r4
Start Timestamp (UTC): 2026-09-30T08:46:36.674419+00:00
End Timestamp (UTC): 2026-09-30T08:46:37.602592+00:00
Duration: 0:00:00.928173
Exit Code: 0

STDOUT:
============================= test session starts =============================
platform win32 -- Python 3.10.11, pytest-9.1.1, pluggy-1.6.0 -- C:\Users\kedep\AppData\Local\Programs\Python\Python310\python.exe
cachedir: .pytest_cache
rootdir: D:\mke-product-ui-r4
plugins: anyio-3.7.1, asyncio-1.4.0
asyncio: mode=strict, debug=False, asyncio_default_fixture_loop_scope=None, asyncio_default_test_loop_scope=function
collecting ... collected 62 items

tests/test_protocol.py::TestProtocolSolveDispatch::test_solve_domain_set_r PASSED [  1%]
tests/test_protocol.py::TestProtocolSolveDispatch::test_solve_domain_set_r_constant_identity PASSED [  3%]
tests/test_protocol.py::TestProtocolSolveDispatch::test_solve_empty_set_constant_contradiction PASSED [  4%]
tests/test_protocol.py::TestProtocolSolveDispatch::test_solve_empty_set_zero_times_x_equals_constant PASSED [  6%]
tests/test_protocol.py::TestProtocolSolveDispatch::test_solve_fractional_coefficients PASSED [  8%]
tests/test_protocol.py::TestProtocolSolveDispatch::test_solve_mixed_hazard_owner_ruling_a PASSED [  9%]
tests/test_protocol.py::TestProtocolSolveDispatch::test_solve_nonlinear_scope_abstention PASSED [ 11%]
tests/test_protocol.py::TestProtocolSolveDispatch::test_solve_resource_exhausted PASSED [ 12%]
tests/test_protocol.py::TestProtocolSolveDispatch::test_solve_syntax_error PASSED [ 14%]
tests/test_protocol.py::TestProtocolSolveDispatch::test_solve_unique_root PASSED [ 16%]
tests/test_protocol.py::TestProtocolSolveDispatch::test_solve_variable_exponent_zero_abstention PASSED [ 17%]
tests/test_protocol.py::TestProtocolCheckCandidateDispatch::test_candidate_domain_error_division_by_zero PASSED [ 19%]
tests/test_protocol.py::TestProtocolCheckCandidateDispatch::test_candidate_domain_error_zero_to_zero PASSED [ 20%]
tests/test_protocol.py::TestProtocolCheckCandidateDispatch::test_candidate_invalid PASSED [ 22%]
tests/test_protocol.py::TestProtocolCheckCandidateDispatch::test_candidate_resource_exhausted PASSED [ 24%]
tests/test_protocol.py::TestProtocolCheckCandidateDispatch::test_candidate_tiny_nonzero_rational_residual PASSED [ 25%]
tests/test_protocol.py::TestProtocolCheckCandidateDispatch::test_candidate_valid PASSED [ 27%]
tests/test_protocol.py::TestProtocolValidationAndSecurity::test_exact_rational_decimal_string_serialization PASSED [ 29%]
tests/test_protocol.py::TestProtocolValidationAndSecurity::test_invalid_types_on_solve PASSED [ 30%]
tests/test_protocol.py::TestProtocolValidationAndSecurity::test_json_bool_candidate_rejected PASSED [ 32%]
tests/test_protocol.py::TestProtocolValidationAndSecurity::test_json_float_candidate_rejected PASSED [ 33%]
tests/test_protocol.py::TestProtocolValidationAndSecurity::test_json_null_candidate_rejected PASSED [ 35%]
tests/test_protocol.py::TestProtocolValidationAndSecurity::test_json_roundtrip_bytes_and_str PASSED [ 37%]
tests/test_protocol.py::TestProtocolValidationAndSecurity::test_malformed_candidate_string_rejected PASSED [ 38%]
tests/test_protocol.py::TestProtocolValidationAndSecurity::test_missing_required_fields PASSED [ 40%]
tests/test_protocol.py::TestProtocolValidationAndSecurity::test_non_ascii_equation_rejected PASSED [ 41%]
tests/test_protocol.py::TestProtocolValidationAndSecurity::test_oversized_equation_rejected PASSED [ 43%]
tests/test_protocol.py::TestProtocolValidationAndSecurity::test_oversized_payload_rejected PASSED [ 45%]
tests/test_protocol.py::TestProtocolValidationAndSecurity::test_provisional_evidence_flag_consistency PASSED [ 46%]
tests/test_protocol.py::TestProtocolValidationAndSecurity::test_unexpected_extra_fields PASSED [ 48%]
tests/test_protocol.py::TestProtocolValidationAndSecurity::test_unsupported_operation PASSED [ 50%]
tests/test_protocol.py::TestProtocolValidationAndSecurity::test_unsupported_protocol_version PASSED [ 51%]
tests/test_protocol.py::TestProtocolRemediationS4AR1::test_candidate_whitespace_rejected_at_protocol_boundary PASSED [ 53%]
tests/test_protocol.py::TestProtocolRemediationS4AR1::test_dict_input_size_limit_enforced PASSED [ 54%]
tests/test_protocol.py::TestProtocolRemediationS4AR1::test_duplicate_json_keys_rejected PASSED [ 56%]
tests/test_protocol.py::TestProtocolRemediationS4AR1::test_excessive_json_nesting_rejected PASSED [ 58%]
tests/test_protocol.py::TestProtocolRemediationS4AR1::test_excessive_parenthesis_nesting_check_candidate_caught_cleanly PASSED [ 59%]
tests/test_protocol.py::TestProtocolRemediationS4AR1::test_excessive_parenthesis_nesting_solve_caught_cleanly PASSED [ 61%]
tests/test_protocol.py::TestProtocolRemediationS4AR1::test_excessive_tokens_check_candidate_caught_cleanly PASSED [ 62%]
tests/test_protocol.py::TestProtocolRemediationS4AR1::test_excessive_tokens_solve_caught_cleanly PASSED [ 64%]
tests/test_protocol.py::TestProtocolRemediationS4AR1::test_non_string_dict_key_rejected PASSED [ 66%]
tests/test_protocol.py::TestProtocolRemediationS4AR1::test_response_size_limit_fails_closed PASSED [ 67%]
tests/test_protocol.py::TestProtocolRemediationS4AR1::test_syntax_error_definedness_null PASSED [ 69%]
tests/test_protocol.py::TestProtocolRemediationS4AR2::test_dict_multibyte_unicode_oversized_in_unexpected_field PASSED [ 70%]
tests/test_protocol.py::TestProtocolRemediationS4AR2::test_dict_rejects_unsupported_value_types PASSED [ 72%]
tests/test_protocol.py::TestProtocolRemediationS4AR2::test_invalid_unicode_isolated_surrogates_in_dict PASSED [ 74%]
tests/test_protocol.py::TestProtocolRemediationS4AR2::test_invalid_unicode_isolated_surrogates_in_string PASSED [ 75%]
tests/test_protocol.py::TestProtocolRemediationS4AR2::test_invalid_unicode_malformed_utf8_bytes PASSED [ 77%]
tests/test_protocol.py::TestProtocolRemediationS4AR2::test_json_error_classification_duplicate_keys PASSED [ 79%]
tests/test_protocol.py::TestProtocolRemediationS4AR2::test_json_error_classification_incorrect_root_structure PASSED [ 80%]
tests/test_protocol.py::TestProtocolRemediationS4AR2::test_json_error_classification_malformed_syntax PASSED [ 82%]
tests/test_protocol.py::TestProtocolRemediationS4AR2::test_json_nesting_ceiling_deep_arrays PASSED [ 83%]
tests/test_protocol.py::TestProtocolRemediationS4AR2::test_json_nesting_ceiling_enforced_on_otherwise_valid_request PASSED [ 85%]
tests/test_protocol.py::TestProtocolRemediationS4AR2::test_response_limit_default_max_response_bytes PASSED [ 87%]
tests/test_protocol.py::TestProtocolRemediationS4AR2::test_response_limit_rejects_invalid_configuration PASSED [ 88%]
tests/test_protocol.py::TestProtocolRemediationS4AR2::test_response_limit_valid_smaller_ceiling PASSED [ 90%]
tests/test_protocol.py::TestProtocolRemediationS4AR2::test_valid_ordinary_request_within_nesting_ceiling PASSED [ 91%]
tests/test_protocol.py::TestProtocolRemediationS4AR3::test_dict_escaped_control_chars_quotes_and_backslashes PASSED [ 93%]
tests/test_protocol.py::TestProtocolRemediationS4AR3::test_dict_multibyte_utf8_byte_accounting PASSED [ 95%]
tests/test_protocol.py::TestProtocolRemediationS4AR3::test_dict_u0000_700_repetitions_rejected_as_payload_too_large PASSED [ 96%]
tests/test_protocol.py::TestProtocolRemediationS4AR3::test_raw_json_escaped_isolated_surrogate_rejected PASSED [ 98%]
tests/test_protocol.py::TestProtocolRemediationS4AR3::test_raw_json_ordinary_escaped_unicode_handled_correctly PASSED [100%]

============================= 62 passed in 0.15s ==============================

